******************************************************************************
                  MSP430 Linker PC v4.1.2                      
******************************************************************************
>> Linked Tue Apr 15 11:42:51 2014

OUTPUT FILE NAME:   <watch_v2.0.out>
ENTRY POINT SYMBOL: "_c_int00"  address: 0000e5b8


MEMORY CONFIGURATION

         name            origin    length      used     unused   attr    fill
----------------------  --------  ---------  --------  --------  ----  --------
  SFR                   00000000   00000010  00000000  00000010  RWIX
  PERIPHERALS_8BIT      00000010   000000f0  00000000  000000f0  RWIX
  PERIPHERALS_16BIT     00000100   00000100  00000000  00000100  RWIX
  RAM                   00000200   00000200  000001f5  0000000b  RWIX
  INFOD                 00001000   00000040  00000000  00000040  RWIX
  INFOC                 00001040   00000040  00000000  00000040  RWIX
  INFOB                 00001080   00000040  00000000  00000040  RWIX
  INFOA                 000010c0   00000040  00000000  00000040  RWIX
  FLASH                 0000c000   00003fe0  00002ce3  000012fd  RWIX
  INT00                 0000ffe0   00000002  00000000  00000002  RWIX
  INT01                 0000ffe2   00000002  00000000  00000002  RWIX
  INT02                 0000ffe4   00000002  00000002  00000000  RWIX
  INT03                 0000ffe6   00000002  00000002  00000000  RWIX
  INT04                 0000ffe8   00000002  00000000  00000002  RWIX
  INT05                 0000ffea   00000002  00000002  00000000  RWIX
  INT06                 0000ffec   00000002  00000002  00000000  RWIX
  INT07                 0000ffee   00000002  00000002  00000000  RWIX
  INT08                 0000fff0   00000002  00000002  00000000  RWIX
  INT09                 0000fff2   00000002  00000002  00000000  RWIX
  INT10                 0000fff4   00000002  00000002  00000000  RWIX
  INT11                 0000fff6   00000002  00000002  00000000  RWIX
  INT12                 0000fff8   00000002  00000002  00000000  RWIX
  INT13                 0000fffa   00000002  00000002  00000000  RWIX
  INT14                 0000fffc   00000002  00000002  00000000  RWIX
  RESET                 0000fffe   00000002  00000002  00000000  RWIX


SECTION ALLOCATION MAP

 output                                  attributes/
section   page    origin      length       input sections
--------  ----  ----------  ----------   ----------------
.init_array 
*          0    0000c000    00000000     UNINITIALIZED

.data      0    00000200    0000018b     
                  00000200    0000013a     main.obj (.data:inputString)
                  0000033a    00000040     main.obj (.data)
                  0000037a    00000011     main.obj (.data:TX)

.TI.persistent 
*          0    00000200    00000000     UNINITIALIZED

.bss       0    0000038c    0000001a     UNINITIALIZED
                  0000038c    00000013     main.obj (.bss)
                  0000039f    00000001     --HOLE--
                  000003a0    00000006     TI_USCI_I2C_master.obj (.bss)

.TI.noinit 
*          0    0000038c    00000000     UNINITIALIZED

.stack     0    000003b0    00000050     UNINITIALIZED
                  000003b0    00000002     rts430_eabi.lib : boot.obj (.stack)
                  000003b2    0000004e     --HOLE--

.text      0    0000c000    000026c4     
                  0000c000    000004f0     main.obj (.text:parse_string)
                  0000c4f0    000004c0     main.obj (.text:menu_setting)
                  0000c9b0    00000498     main.obj (.text:main)
                  0000ce48    00000274     main.obj (.text:down_sub_menu)
                  0000d0bc    00000272     main.obj (.text:up_sub_menu)
                  0000d32e    00000226     main.obj (.text:get_time_from_rtc)
                  0000d554    000001e0     main.obj (.text:init_watch)
                  0000d734    0000017a     main.obj (.text:check_bluetooth)
                  0000d8ae    0000014e     main.obj (.text:P2_isr)
                  0000d9fc    00000128     main.obj (.text:lcd_set_time_big)
                  0000db24    00000110     main.obj (.text:TIMER1_A0_isr)
                  0000dc34    000000fe     main.obj (.text:set_time_to_rtc)
                  0000dd32    000000f0     main.obj (.text:WDT_isr)
                  0000de22    000000b0     main.obj (.text:LcdCharacter)
                  0000ded2    000000a8     main.obj (.text:lcd_dig)
                  0000df7a    00000076     main.obj (.text:TIMER1_A1_isr)
                  0000dff0    00000074     main.obj (.text:lcd_show_bt)
                  0000e064    00000062     main.obj (.text:lcd_dot)
                  0000e0c6    0000005e     rts430_eabi.lib : copy_decompress_rle.obj (.text:__TI_decompress_rle_core)
                  0000e124    0000005e                     : autoinit.obj (.text:_auto_init)
                  0000e182    0000005c     main.obj (.text:check_akkum)
                  0000e1de    0000005a     main.obj (.text:LcdWrite)
                  0000e238    0000005a     TI_USCI_I2C_master.obj (.text:USCIAB0TX_ISR)
                  0000e292    0000004c     main.obj (.text:lcd_set_time_small)
                  0000e2de    00000048     main.obj (.text:lcd_show_main)
                  0000e326    0000003e     main.obj (.text:lcd_dig_clr)
                  0000e364    0000003e     main.obj (.text:lcd_show_call)
                  0000e3a2    0000003e     main.obj (.text:lcd_show_sms)
                  0000e3e0    00000038     main.obj (.text:Lcd_set_pos_pix)
                  0000e418    00000038     TI_USCI_I2C_master.obj (.text:TI_USCI_I2C_receiveinit)
                  0000e450    00000038     TI_USCI_I2C_master.obj (.text:TI_USCI_I2C_transmitinit)
                  0000e488    00000036     main.obj (.text:lcd_show_bat)
                  0000e4be    00000034     TI_USCI_I2C_master.obj (.text:TI_USCI_I2C_receive)
                  0000e4f2    0000002c     rts430_eabi.lib : asr16.obj (.text)
                  0000e51e    0000002c                     : lsl16.obj (.text)
                  0000e54a    0000002c     main.obj (.text:uart_tx_bt)
                  0000e576    00000028     main.obj (.text:clear_1)
                  0000e59e    0000001a     main.obj (.text:LcdClear)
                  0000e5b8    0000001a     rts430_eabi.lib : boot.obj (.text:_c_int00_noexit)
                  0000e5d2    00000016     main.obj (.text:LcdString)
                  0000e5e8    00000016     main.obj (.text:Lcd_set_pos)
                  0000e5fe    00000014     rts430_eabi.lib : copy_zero_init.obj (.text:decompress:ZI:__TI_zero_init)
                  0000e612    00000014                     : mult16.obj (.text)
                  0000e626    00000012                     : copy_decompress_none.obj (.text:decompress:none:__TI_decompress_none)
                  0000e638    00000012     main.obj (.text:lcd_contrast)
                  0000e64a    00000012     rts430_eabi.lib : memcpy.obj (.text:memcpy)
                  0000e65c    00000010     TI_USCI_I2C_master.obj (.text:TI_USCI_I2C_transmit)
                  0000e66c    00000010     TI_USCI_I2C_master.obj (.text:USCIAB0RX_ISR)
                  0000e67c    00000010     rts430_eabi.lib : asr32.obj (.text:l_asr)
                  0000e68c    00000010                     : epilog.obj (.text)
                  0000e69c    0000000a     TI_USCI_I2C_master.obj (.text:TI_USCI_I2C_notready)
                  0000e6a6    00000006     main.obj (.text:ADC10_isr)
                  0000e6ac    00000006     rts430_eabi.lib : copy_decompress_rle.obj (.text:decompress:rle24:__TI_decompress_rle24)
                  0000e6b2    00000004                     : pre_init.obj (.text:_system_pre_init)
                  0000e6b6    00000004                     : exit.obj (.text:abort)
                  0000e6ba    00000002     main.obj (.text:COMPARATOR_isr)
                  0000e6bc    00000002     main.obj (.text:NMI_isr)
                  0000e6be    00000002     main.obj (.text:P1_isr)
                  0000e6c0    00000002     main.obj (.text:TIMER0_A0_isr)
                  0000e6c2    00000002     main.obj (.text:TIMER0_A1_isr)

.const     0    0000e6c4    000005d3     
                  0000e6c4    00000320     main.obj (.const:ASCII)
                  0000e9e4    00000168     main.obj (.const:dig_9x32)
                  0000eb4c    00000077     main.obj (.const:Main_menu)
                  0000ebc3    00000001     --HOLE-- [fill = 0]
                  0000ebc4    0000005a     main.obj (.const:bat_ico)
                  0000ec1e    00000022     main.obj (.const:.string)
                  0000ec40    00000020     main.obj (.const:dot)
                  0000ec60    00000014     main.obj (.const:bt_ico)
                  0000ec74    0000000e     main.obj (.const:dofw)
                  0000ec82    0000000c     main.obj (.const:call_ico)
                  0000ec8e    00000009     main.obj (.const:sms_ico)

.cinit     0    0000ec98    0000004c     
                  0000ec98    00000039     (.cinit..data.load) [load image, compression = rle]
                  0000ecd1    00000001     --HOLE-- [fill = 0]
                  0000ecd2    00000006     (__TI_handler_table)
                  0000ecd8    00000004     (.cinit..bss.load) [load image, compression = zero_init]
                  0000ecdc    00000008     (__TI_cinit_table)

PORT1      0    0000ffe4    00000002     
                  0000ffe4    00000002     main.obj (.int02)

PORT2      0    0000ffe6    00000002     
                  0000ffe6    00000002     main.obj (.int03)

ADC10      0    0000ffea    00000002     
                  0000ffea    00000002     main.obj (.int05)

USCIAB0TX 
*          0    0000ffec    00000002     
                  0000ffec    00000002     TI_USCI_I2C_master.obj (.int06)

USCIAB0RX 
*          0    0000ffee    00000002     
                  0000ffee    00000002     TI_USCI_I2C_master.obj (.int07)

TIMER0_A1 
*          0    0000fff0    00000002     
                  0000fff0    00000002     main.obj (.int08)

TIMER0_A0 
*          0    0000fff2    00000002     
                  0000fff2    00000002     main.obj (.int09)

WDT        0    0000fff4    00000002     
                  0000fff4    00000002     main.obj (.int10)

COMPARATORA 
*          0    0000fff6    00000002     
                  0000fff6    00000002     main.obj (.int11)

TIMER1_A1 
*          0    0000fff8    00000002     
                  0000fff8    00000002     main.obj (.int12)

TIMER1_A0 
*          0    0000fffa    00000002     
                  0000fffa    00000002     main.obj (.int13)

NMI        0    0000fffc    00000002     
                  0000fffc    00000002     main.obj (.int14)

.reset     0    0000fffe    00000002     
                  0000fffe    00000002     rts430_eabi.lib : boot.obj (.reset)


LINKER GENERATED COPY TABLES

__TI_cinit_table @ 0000ecdc records: 2, size/record: 4, table size: 8
	.data: load addr=0000ec98, load size=00000039 bytes, run addr=00000200, run size=0000018b bytes, compression=rle
	.bss: load addr=0000ecd8, load size=00000004 bytes, run addr=0000038c, run size=0000001a bytes, compression=zero_init


LINKER GENERATED HANDLER TABLE

__TI_handler_table @ 0000ecd2 records: 3, size/record: 2, table size: 6
	index: 0, handler: __TI_zero_init
	index: 1, handler: __TI_decompress_rle24
	index: 2, handler: __TI_decompress_none


GLOBAL SYMBOLS: SORTED ALPHABETICALLY BY Name 

address    name
--------   ----
0000004a   ADC10AE0
000001b0   ADC10CTL0
000001b2   ADC10CTL1
00000048   ADC10DTC0
00000049   ADC10DTC1
000001b4   ADC10MEM
000001bc   ADC10SA
0000e6a6   ADC10_isr
00000352   ADC_int
0000e6c4   ASCII
00000057   BCSCTL1
00000058   BCSCTL2
00000053   BCSCTL3
0000e6b6   C$$EXIT
00000059   CACTL1
0000005a   CACTL2
000010fb   CALBC1_12MHZ
000010f9   CALBC1_16MHZ
000010ff   CALBC1_1MHZ
000010fd   CALBC1_8MHZ
000010fa   CALDCO_12MHZ
000010f8   CALDCO_16MHZ
000010fe   CALDCO_1MHZ
000010fc   CALDCO_8MHZ
0000005b   CAPD
0000e6ba   COMPARATOR_isr
00000056   DCOCTL
00000128   FCTL1
0000012a   FCTL2
0000012c   FCTL3
00000000   IE1
00000001   IE2
00000002   IFG1
00000003   IFG2
0000de22   LcdCharacter
0000e59e   LcdClear
0000e5d2   LcdString
0000e1de   LcdWrite
0000e5e8   Lcd_set_pos
0000e3e0   Lcd_set_pos_pix
0000eb4c   Main_menu
0000e6bc   NMI_isr
00000022   P1DIR
00000025   P1IE
00000024   P1IES
00000023   P1IFG
00000020   P1IN
00000021   P1OUT
00000027   P1REN
00000026   P1SEL
00000041   P1SEL2
0000e6be   P1_isr
0000002a   P2DIR
0000002d   P2IE
0000002c   P2IES
0000002b   P2IFG
00000028   P2IN
00000029   P2OUT
0000002f   P2REN
0000002e   P2SEL
00000042   P2SEL2
00000350   P2_int
0000d8ae   P2_isr
0000001a   P3DIR
00000018   P3IN
00000019   P3OUT
00000010   P3REN
0000001b   P3SEL
00000043   P3SEL2
0000038c   RX
00000172   TA0CCR0
00000174   TA0CCR1
00000176   TA0CCR2
00000162   TA0CCTL0
00000164   TA0CCTL1
00000166   TA0CCTL2
00000160   TA0CTL
0000012e   TA0IV
00000170   TA0R
00000192   TA1CCR0
00000194   TA1CCR1
00000196   TA1CCR2
00000182   TA1CCTL0
00000184   TA1CCTL1
00000186   TA1CCTL2
00000180   TA1CTL
0000011e   TA1IV
00000190   TA1R
00000351   TA1_int
0000e6c0   TIMER0_A0_isr
0000e6c2   TIMER0_A1_isr
0000db24   TIMER1_A0_isr
0000df7a   TIMER1_A1_isr
0000e69c   TI_USCI_I2C_notready
0000e4be   TI_USCI_I2C_receive
0000e418   TI_USCI_I2C_receiveinit
0000e65c   TI_USCI_I2C_transmit
0000e450   TI_USCI_I2C_transmitinit
000003a2   TI_receive_field
000003a4   TI_transmit_field
0000037a   TX
0000005d   UCA0ABCTL
00000062   UCA0BR0
00000063   UCA0BR1
00000060   UCA0CTL0
00000061   UCA0CTL1
0000005f   UCA0IRRCTL
0000005e   UCA0IRTCTL
00000064   UCA0MCTL
00000066   UCA0RXBUF
00000065   UCA0STAT
00000067   UCA0TXBUF
0000006a   UCB0BR0
0000006b   UCB0BR1
00000068   UCB0CTL0
00000069   UCB0CTL1
0000006c   UCB0I2CIE
00000118   UCB0I2COA
0000011a   UCB0I2CSA
0000006e   UCB0RXBUF
0000006d   UCB0STAT
0000006f   UCB0TXBUF
0000e66c   USCIAB0RX_ISR
0000e238   USCIAB0TX_ISR
00000120   WDTCTL
0000dd32   WDT_isr
00000400   __STACK_END
00000050   __STACK_SIZE
0000ecdc   __TI_CINIT_Base
0000ece4   __TI_CINIT_Limit
0000ecd2   __TI_Handler_Table_Base
0000ecd8   __TI_Handler_Table_Limit
UNDEFED    __TI_INITARRAY_Base
UNDEFED    __TI_INITARRAY_Limit
00000001   __TI_args_main
0000e626   __TI_decompress_none
0000e6ac   __TI_decompress_rle24
00000001   __TI_exit
0000e5fe   __TI_zero_init
ffffffff   __binit__
ffffffff   __c_args__
0000e698   __mspabi_func_epilog_1
0000e696   __mspabi_func_epilog_2
0000e694   __mspabi_func_epilog_3
0000e692   __mspabi_func_epilog_4
0000e690   __mspabi_func_epilog_5
0000e68e   __mspabi_func_epilog_6
0000e68c   __mspabi_func_epilog_7
0000e612   __mspabi_mpyi
0000e51e   __mspabi_slli
0000e546   __mspabi_slli_1
0000e534   __mspabi_slli_10
0000e532   __mspabi_slli_11
0000e530   __mspabi_slli_12
0000e52e   __mspabi_slli_13
0000e52c   __mspabi_slli_14
0000e52a   __mspabi_slli_15
0000e544   __mspabi_slli_2
0000e542   __mspabi_slli_3
0000e540   __mspabi_slli_4
0000e53e   __mspabi_slli_5
0000e53c   __mspabi_slli_6
0000e53a   __mspabi_slli_7
0000e538   __mspabi_slli_8
0000e536   __mspabi_slli_9
0000e4f2   __mspabi_srai
0000e51a   __mspabi_srai_1
0000e508   __mspabi_srai_10
0000e506   __mspabi_srai_11
0000e504   __mspabi_srai_12
0000e502   __mspabi_srai_13
0000e500   __mspabi_srai_14
0000e4fe   __mspabi_srai_15
0000e518   __mspabi_srai_2
0000e516   __mspabi_srai_3
0000e514   __mspabi_srai_4
0000e512   __mspabi_srai_5
0000e510   __mspabi_srai_6
0000e50e   __mspabi_srai_7
0000e50c   __mspabi_srai_8
0000e50a   __mspabi_srai_9
0000e67c   __mspabi_sral
0000e124   _auto_init
0000e5b8   _c_int00
0000e5b8   _c_int00_noexit
0000fffe   _reset_vector
000003b0   _stack
0000e6b2   _system_pre_init
0000e6b6   abort
0000ebc4   bat_ico
0000033a   bat_sost
ffffffff   binit
0000033e   black_text
0000034c   bt_connect
0000ec60   bt_ico
0000034b   bt_on
00000353   btn_pressed
000003a0   byteCtr
0000ec82   call_ico
00000356   call_true
00000340   char_count
00000349   check_akk
0000e182   check_akkum
0000d734   check_bluetooth
0000e576   clear_1
00000372   contrast
00000341   count_sec
00000342   count_sec2
0000033b   current_menu_item
0000033f   current_screen
0000033c   current_sub_menu_item
00000366   d1
00000364   d10
0000e9e4   dig_9x32
0000ec74   dofw
0000ec40   dot
0000034f   dot_show
0000ce48   down_sub_menu
00000370   dw
00000355   e_save
00000346   edit_time
00000347   get_time
0000d32e   get_time_from_rtc
0000035a   h1
00000358   h10
00000344   i_timer
0000d554   init_watch
00000200   inputString
0000e638   lcd_contrast
0000ded2   lcd_dig
0000e326   lcd_dig_clr
0000e064   lcd_dot
0000d9fc   lcd_set_time_big
0000e292   lcd_set_time_small
0000e488   lcd_show_bat
0000dff0   lcd_show_bt
0000e364   lcd_show_call
0000e2de   lcd_show_main
0000e3a2   lcd_show_sms
0000035e   m1
0000035c   m10
0000c9b0   main
0000e64a   memcpy
0000c4f0   menu_setting
0000036a   mo1
00000368   mo10
0000034e   multiscreen
0000c000   parse_string
00000374   pwm_width
00000362   s1
00000360   s10
0000033d   screens
00000348   set_time
0000dc34   set_time_to_rtc
0000ec8e   sms_ico
00000354   string_ready
00000343   text_screen
0000034d   time_from_phone
00000376   timer_off
0000039c   tx_data_bt
0000e54a   uart_tx_bt
0000d0bc   up_sub_menu
0000034a   v2_5
0000036e   ye1
0000036c   ye10


GLOBAL SYMBOLS: SORTED BY Symbol Address 

address    name
--------   ----
00000000   IE1
00000001   IE2
00000001   __TI_args_main
00000001   __TI_exit
00000002   IFG1
00000003   IFG2
00000010   P3REN
00000018   P3IN
00000019   P3OUT
0000001a   P3DIR
0000001b   P3SEL
00000020   P1IN
00000021   P1OUT
00000022   P1DIR
00000023   P1IFG
00000024   P1IES
00000025   P1IE
00000026   P1SEL
00000027   P1REN
00000028   P2IN
00000029   P2OUT
0000002a   P2DIR
0000002b   P2IFG
0000002c   P2IES
0000002d   P2IE
0000002e   P2SEL
0000002f   P2REN
00000041   P1SEL2
00000042   P2SEL2
00000043   P3SEL2
00000048   ADC10DTC0
00000049   ADC10DTC1
0000004a   ADC10AE0
00000050   __STACK_SIZE
00000053   BCSCTL3
00000056   DCOCTL
00000057   BCSCTL1
00000058   BCSCTL2
00000059   CACTL1
0000005a   CACTL2
0000005b   CAPD
0000005d   UCA0ABCTL
0000005e   UCA0IRTCTL
0000005f   UCA0IRRCTL
00000060   UCA0CTL0
00000061   UCA0CTL1
00000062   UCA0BR0
00000063   UCA0BR1
00000064   UCA0MCTL
00000065   UCA0STAT
00000066   UCA0RXBUF
00000067   UCA0TXBUF
00000068   UCB0CTL0
00000069   UCB0CTL1
0000006a   UCB0BR0
0000006b   UCB0BR1
0000006c   UCB0I2CIE
0000006d   UCB0STAT
0000006e   UCB0RXBUF
0000006f   UCB0TXBUF
00000118   UCB0I2COA
0000011a   UCB0I2CSA
0000011e   TA1IV
00000120   WDTCTL
00000128   FCTL1
0000012a   FCTL2
0000012c   FCTL3
0000012e   TA0IV
00000160   TA0CTL
00000162   TA0CCTL0
00000164   TA0CCTL1
00000166   TA0CCTL2
00000170   TA0R
00000172   TA0CCR0
00000174   TA0CCR1
00000176   TA0CCR2
00000180   TA1CTL
00000182   TA1CCTL0
00000184   TA1CCTL1
00000186   TA1CCTL2
00000190   TA1R
00000192   TA1CCR0
00000194   TA1CCR1
00000196   TA1CCR2
000001b0   ADC10CTL0
000001b2   ADC10CTL1
000001b4   ADC10MEM
000001bc   ADC10SA
00000200   inputString
0000033a   bat_sost
0000033b   current_menu_item
0000033c   current_sub_menu_item
0000033d   screens
0000033e   black_text
0000033f   current_screen
00000340   char_count
00000341   count_sec
00000342   count_sec2
00000343   text_screen
00000344   i_timer
00000346   edit_time
00000347   get_time
00000348   set_time
00000349   check_akk
0000034a   v2_5
0000034b   bt_on
0000034c   bt_connect
0000034d   time_from_phone
0000034e   multiscreen
0000034f   dot_show
00000350   P2_int
00000351   TA1_int
00000352   ADC_int
00000353   btn_pressed
00000354   string_ready
00000355   e_save
00000356   call_true
00000358   h10
0000035a   h1
0000035c   m10
0000035e   m1
00000360   s10
00000362   s1
00000364   d10
00000366   d1
00000368   mo10
0000036a   mo1
0000036c   ye10
0000036e   ye1
00000370   dw
00000372   contrast
00000374   pwm_width
00000376   timer_off
0000037a   TX
0000038c   RX
0000039c   tx_data_bt
000003a0   byteCtr
000003a2   TI_receive_field
000003a4   TI_transmit_field
000003b0   _stack
00000400   __STACK_END
000010f8   CALDCO_16MHZ
000010f9   CALBC1_16MHZ
000010fa   CALDCO_12MHZ
000010fb   CALBC1_12MHZ
000010fc   CALDCO_8MHZ
000010fd   CALBC1_8MHZ
000010fe   CALDCO_1MHZ
000010ff   CALBC1_1MHZ
0000c000   parse_string
0000c4f0   menu_setting
0000c9b0   main
0000ce48   down_sub_menu
0000d0bc   up_sub_menu
0000d32e   get_time_from_rtc
0000d554   init_watch
0000d734   check_bluetooth
0000d8ae   P2_isr
0000d9fc   lcd_set_time_big
0000db24   TIMER1_A0_isr
0000dc34   set_time_to_rtc
0000dd32   WDT_isr
0000de22   LcdCharacter
0000ded2   lcd_dig
0000df7a   TIMER1_A1_isr
0000dff0   lcd_show_bt
0000e064   lcd_dot
0000e124   _auto_init
0000e182   check_akkum
0000e1de   LcdWrite
0000e238   USCIAB0TX_ISR
0000e292   lcd_set_time_small
0000e2de   lcd_show_main
0000e326   lcd_dig_clr
0000e364   lcd_show_call
0000e3a2   lcd_show_sms
0000e3e0   Lcd_set_pos_pix
0000e418   TI_USCI_I2C_receiveinit
0000e450   TI_USCI_I2C_transmitinit
0000e488   lcd_show_bat
0000e4be   TI_USCI_I2C_receive
0000e4f2   __mspabi_srai
0000e4fe   __mspabi_srai_15
0000e500   __mspabi_srai_14
0000e502   __mspabi_srai_13
0000e504   __mspabi_srai_12
0000e506   __mspabi_srai_11
0000e508   __mspabi_srai_10
0000e50a   __mspabi_srai_9
0000e50c   __mspabi_srai_8
0000e50e   __mspabi_srai_7
0000e510   __mspabi_srai_6
0000e512   __mspabi_srai_5
0000e514   __mspabi_srai_4
0000e516   __mspabi_srai_3
0000e518   __mspabi_srai_2
0000e51a   __mspabi_srai_1
0000e51e   __mspabi_slli
0000e52a   __mspabi_slli_15
0000e52c   __mspabi_slli_14
0000e52e   __mspabi_slli_13
0000e530   __mspabi_slli_12
0000e532   __mspabi_slli_11
0000e534   __mspabi_slli_10
0000e536   __mspabi_slli_9
0000e538   __mspabi_slli_8
0000e53a   __mspabi_slli_7
0000e53c   __mspabi_slli_6
0000e53e   __mspabi_slli_5
0000e540   __mspabi_slli_4
0000e542   __mspabi_slli_3
0000e544   __mspabi_slli_2
0000e546   __mspabi_slli_1
0000e54a   uart_tx_bt
0000e576   clear_1
0000e59e   LcdClear
0000e5b8   _c_int00
0000e5b8   _c_int00_noexit
0000e5d2   LcdString
0000e5e8   Lcd_set_pos
0000e5fe   __TI_zero_init
0000e612   __mspabi_mpyi
0000e626   __TI_decompress_none
0000e638   lcd_contrast
0000e64a   memcpy
0000e65c   TI_USCI_I2C_transmit
0000e66c   USCIAB0RX_ISR
0000e67c   __mspabi_sral
0000e68c   __mspabi_func_epilog_7
0000e68e   __mspabi_func_epilog_6
0000e690   __mspabi_func_epilog_5
0000e692   __mspabi_func_epilog_4
0000e694   __mspabi_func_epilog_3
0000e696   __mspabi_func_epilog_2
0000e698   __mspabi_func_epilog_1
0000e69c   TI_USCI_I2C_notready
0000e6a6   ADC10_isr
0000e6ac   __TI_decompress_rle24
0000e6b2   _system_pre_init
0000e6b6   C$$EXIT
0000e6b6   abort
0000e6ba   COMPARATOR_isr
0000e6bc   NMI_isr
0000e6be   P1_isr
0000e6c0   TIMER0_A0_isr
0000e6c2   TIMER0_A1_isr
0000e6c4   ASCII
0000e9e4   dig_9x32
0000eb4c   Main_menu
0000ebc4   bat_ico
0000ec40   dot
0000ec60   bt_ico
0000ec74   dofw
0000ec82   call_ico
0000ec8e   sms_ico
0000ecd2   __TI_Handler_Table_Base
0000ecd8   __TI_Handler_Table_Limit
0000ecdc   __TI_CINIT_Base
0000ece4   __TI_CINIT_Limit
0000fffe   _reset_vector
ffffffff   __binit__
ffffffff   __c_args__
ffffffff   binit
UNDEFED    __TI_INITARRAY_Base
UNDEFED    __TI_INITARRAY_Limit

[265 symbols]
